ASxxxx Linker V03.00 + NoICE + sdld,  page 1.
Hexadecimal  [32-Bits]

Area                                    Addr        Size        Decimal Bytes (Attributes)
--------------------------------        ----        ----        ------- ----- ------------
.  .ABS.                            00000000    00000000 =           0. bytes (ABS,CON)

      Value  Global                              Global Defined In Module
      -----  --------------------------------   ------------------------
     00000000  .__.ABS.                           
     00000000  _rRAMG                             
     00000000  l__BASE                         
     00000000  l__BSS                          
     00000000  l__CABS                         
     00000000  l__CODE_0                       
     00000000  l__CRASH_HEADER                 
     00000000  l__CRASH_SCRATCH                
     00000000  l__DABS                         
     00000000  l__EHL_TRAMPOLINE               
     00000000  l__HEADER                       
     00000000  l__HEADER_LCD                   
     00000000  l__HEADER_SIO                   
     00000000  l__HEADER_TIMER                 
     00000000  l__HEAP                         
     00000000  l__HRAM                         
     00000000  l__LIT                          
     00000000  s__CABS                         
     00000000  s__CRASH_HEADER                 
     00000000  s__CRASH_HEADER0                
     00000000  s__CRASH_HEADER1                
     00000000  s__CRASH_SCRATCH                
     00000000  s__CRASH_SCRATCH2               
     00000000  s__DABS                         
     00000000  s__EHL_TRAMPOLINE               
     00000000  s__EHL_TRAMPOLINE0              
     00000000  s__HEADER                       
     00000000  s__HEADER0                      
     00000000  s__HEADER1                      
     00000000  s__HEADER10                     
     00000000  s__HEADER11                     
     00000000  s__HEADER2                      
     00000000  s__HEADER3                      
     00000000  s__HEADER4                      
     00000000  s__HEADER5                      
     00000000  s__HEADER6                      
     00000000  s__HEADER7                      
     00000000  s__HEADER8                      
     00000000  s__HEADER9                      
     00000000  s__HEADER_LCD                   
     00000000  s__HEADER_LCD0                  
     00000000  s__HEADER_SIO                   
     00000000  s__HEADER_SIO0                  
     00000000  s__HEADER_TIMER                 
     00000000  s__HEADER_TIMER0                
     00000000  s__HEADERa                      
     00000000  s__HEADERb                      
     00000000  s__HEADERc                      
     00000000  s__HEADERd                      
     00000000  s__HEADERe                      
ASxxxx Linker V03.00 + NoICE + sdld,  page 2.
Hexadecimal  [32-Bits]

Area                                    Addr        Size        Decimal Bytes (Attributes)
--------------------------------        ----        ----        ------- ----- ------------
.  .ABS.                            00000000    00000000 =           0. bytes (ABS,CON)

      Value  Global                              Global Defined In Module
      -----  --------------------------------   ------------------------
     00000000  s__HEADERf                      
     00000000  s__HRAM                         
     00000000  s__HRAM12                       
     00000001  ___bank_VM_SGB                     vm_sgb
     00000001  ___bank_bg_level_pacman_tilemap_   bg_level_pacman_tilemap_attr
     00000001  ___bank_bg_level_tetris_tilemap_   bg_level_tetris_tilemap_attr
     00000001  ___bank_frame_image                frame_image
     00000001  ___mute_mask_sound_legacy_0        sound_legacy_0
     00000001  ___mute_mask_sound_legacy_1        sound_legacy_1
     00000001  ___mute_mask_sound_legacy_2        sound_legacy_2
     00000001  ___mute_mask_sound_legacy_3        sound_legacy_3
     00000001  ___mute_mask_sound_legacy_4        sound_legacy_4
     00000001  ___mute_mask_sound_legacy_7        sound_legacy_7
     00000001  ___mute_mask_sound_legacy_8        sound_legacy_8
     00000001  b_ui_draw_frame                    ui
     00000001  b_ui_draw_text_buffer_char         ui
     00000001  b_ui_init                          ui
     00000001  b_ui_load_tiles                    ui
     00000001  b_ui_run_menu                      ui
     00000001  b_ui_run_modal                     ui
     00000001  b_ui_set_start_tile                ui
     00000001  l__GSFINAL                      
     00000001  l__HEADER0                      
     00000001  l__HEADER11                     
     00000001  l__HEADER9                      
     00000001  l__HEADERa                      
     00000001  l__HEADERb                      
     00000001  l__HEADERd                      
     00000001  l__HEADERe                      
     00000002  ___bank_bg_level_pacman_tilemap    bg_level_pacman_tilemap
     00000002  ___bank_bg_level_tetris_tilemap    bg_level_tetris_tilemap
     00000002  ___bank_scene_mario_sprites        scene_mario_sprites
     00000002  ___bank_scene_pac_collisions       scene_pac_collisions
     00000002  ___bank_script_input_1             script_input_1
     00000002  ___bank_sprite_mario_props         sprite_mario_props
     00000002  l__HEADER5                      
     00000002  l__HEADERc                      
     00000002  l__HEADERf                      
     00000003  ___bank_ACTOR                      actor
     00000003  ___bank_VM_ACTOR                   vm_actor
     00000003  ___bank_bg_level_pacman_tileset    bg_level_pacman_tileset
     00000003  ___bank_scene_tetris_collisions    scene_tetris_collisions
     00000003  b_activate_actor                   actor
     00000003  b_activate_actors_in_col           actor
     00000003  b_activate_actors_in_row           actor
     00000003  b_actor_at_tile                    actor
     00000003  b_actor_get_frame_offset           actor
     00000003  b_actor_in_front_of_player         actor
     00000003  b_actor_overlapping_bb             actor
     00000003  b_actor_overlapping_player         actor
     00000003  b_actor_set_anim_idle              actor
ASxxxx Linker V03.00 + NoICE + sdld,  page 3.
Hexadecimal  [32-Bits]

Area                                    Addr        Size        Decimal Bytes (Attributes)
--------------------------------        ----        ----        ------- ----- ------------
.  .ABS.                            00000000    00000000 =           0. bytes (ABS,CON)

      Value  Global                              Global Defined In Module
      -----  --------------------------------   ------------------------
     00000003  b_actor_set_anim_moving            actor
     00000003  b_actor_set_dir                    actor
     00000003  b_actor_set_frame_offset           actor
     00000003  b_actor_set_frames                 actor
     00000003  b_actors_handle_player_collision   actor
     00000003  b_actors_init                      actor
     00000003  b_check_collision_in_direction     actor
     00000003  b_deactivate_actor                 actor
     00000003  b_player_init                      actor
     00000003  b_vm_actor_activate                vm_actor
     00000003  b_vm_actor_deactivate              vm_actor
     00000003  b_vm_actor_emote                   vm_actor
     00000003  b_vm_actor_get_angle               vm_actor
     00000003  b_vm_actor_get_anim_frame          vm_actor
     00000003  b_vm_actor_get_dir                 vm_actor
     00000003  b_vm_actor_get_pos                 vm_actor
     00000003  b_vm_actor_move_cancel             vm_actor
     00000003  b_vm_actor_move_to                 vm_actor
     00000003  b_vm_actor_replace_tile            vm_actor
     00000003  b_vm_actor_set_anim                vm_actor
     00000003  b_vm_actor_set_anim_frame          vm_actor
     00000003  b_vm_actor_set_anim_set            vm_actor
     00000003  b_vm_actor_set_anim_tick           vm_actor
     00000003  b_vm_actor_set_bounds              vm_actor
     00000003  b_vm_actor_set_dir                 vm_actor
     00000003  b_vm_actor_set_flags               vm_actor
     00000003  b_vm_actor_set_move_speed          vm_actor
     00000003  b_vm_actor_set_pos                 vm_actor
     00000003  b_vm_actor_set_spritesheet         vm_actor
     00000003  b_vm_actor_set_spritesheet_by_re   vm_actor
     00000003  b_vm_actor_terminate_update        vm_actor
     00000003  l__HEADER8                      
     00000003  l__HEADER_LCD0                  
     00000003  l__HRAM12                       
     00000004  ___bank_VM_MAIN                    vm
     00000004  ___bank_bg_tutorial_copy_tilemap   bg_tutorial_copy_tilemap_att
     00000004  ___bank_font_gbs_variable_width    font_gbs_variable_width
     00000004  b_CGBZeroPalette                   palette
     00000004  b_fade_applypalettechange          fade_manager
     00000004  b_fade_in                          fade_manager
     00000004  b_fade_in_modal                    fade_manager
     00000004  b_fade_init                        fade_manager
     00000004  b_fade_out                         fade_manager
     00000004  b_fade_out_modal                   fade_manager
     00000004  b_fade_setspeed                    fade_manager
     00000004  b_fade_update                      fade_manager
     00000004  b_palette_init                     palette
     00000004  b_platform_init                    platform
     00000004  b_platform_update                  platform
     00000004  b_script_detach_hthread            vm
     00000004  b_script_execute                   vm
ASxxxx Linker V03.00 + NoICE + sdld,  page 4.
Hexadecimal  [32-Bits]

Area                                    Addr        Size        Decimal Bytes (Attributes)
--------------------------------        ----        ----        ------- ----- ------------
.  .ABS.                            00000000    00000000 =           0. bytes (ABS,CON)

      Value  Global                              Global Defined In Module
      -----  --------------------------------   ------------------------
     00000004  b_script_runner_init               vm
     00000004  b_script_terminate                 vm
     00000004  b_vm_call                          vm
     00000004  b_vm_call_far                      vm
     00000004  b_vm_get_indirect                  vm
     00000004  b_vm_get_int16                     vm
     00000004  b_vm_get_int8                      vm
     00000004  b_vm_get_tlocal                    vm
     00000004  b_vm_get_uint8                     vm
     00000004  b_vm_idle                          vm
     00000004  b_vm_if                            vm
     00000004  b_vm_if_const                      vm
     00000004  b_vm_init_rng                      vm
     00000004  b_vm_invoke                        vm
     00000004  b_vm_join                          vm
     00000004  b_vm_jump                          vm
     00000004  b_vm_lock                          vm
     00000004  b_vm_loop                          vm
     00000004  b_vm_memcpy                        vm
     00000004  b_vm_memset                        vm
     00000004  b_vm_poll_loaded                   vm
     00000004  b_vm_pop                           vm
     00000004  b_vm_push                          vm
     00000004  b_vm_push_reference                vm
     00000004  b_vm_push_value                    vm
     00000004  b_vm_push_value_ind                vm
     00000004  b_vm_raise                         vm
     00000004  b_vm_rand                          vm
     00000004  b_vm_reserve                       vm
     00000004  b_vm_ret                           vm
     00000004  b_vm_ret_far                       vm
     00000004  b_vm_set                           vm
     00000004  b_vm_set_const                     vm
     00000004  b_vm_set_const_int16               vm
     00000004  b_vm_set_const_int8                vm
     00000004  b_vm_set_indirect                  vm
     00000004  b_vm_set_int16                     vm
     00000004  b_vm_set_int8                      vm
     00000004  b_vm_set_uint8                     vm
     00000004  b_vm_terminate                     vm
     00000004  b_vm_test_terminate                vm
     00000004  b_vm_unlock                        vm
     00000004  b_wait_frames                      vm
     00000004  l__CRASH_HEADER1                
     00000004  l__HEADER_SIO0                  
     00000004  l__HEADER_TIMER0                
     00000005  ___bank_bg_credits                 bg_credits
     00000005  ___bank_bg_end_tileset             bg_end_tileset
     00000005  ___bank_bg_level_mario2_tilemap    bg_level_mario2_tilemap
     00000005  ___bank_bg_level_mario2_tilemap_   bg_level_mario2_tilemap_attr
     00000005  ___bank_bg_tutorial_copy_tilemap   bg_tutorial_copy_tilemap
ASxxxx Linker V03.00 + NoICE + sdld,  page 5.
Hexadecimal  [32-Bits]

Area                                    Addr        Size        Decimal Bytes (Attributes)
--------------------------------        ----        ----        ------- ----- ------------
.  .ABS.                            00000000    00000000 =           0. bytes (ABS,CON)

      Value  Global                              Global Defined In Module
      -----  --------------------------------   ------------------------
     00000005  ___bank_scene_tutorial_collision   scene_tutorial_collisions
     00000005  l__CRASH_HEADER0                
     00000005  l__HEADER1                      
     00000006  ___bank_bg_credits_tileset         bg_credits_tileset
     00000006  ___bank_bg_level_2_tilemap_attr    bg_level_2_tilemap_attr
     00000006  ___bank_scene_mario_collisions     scene_mario_collisions
     00000006  ___bank_script_27                  script_27
     00000006  ___bank_sprite_large_skater_skat   sprite_large_skater_skater__
     00000006  ___bank_trigger_15_interact        trigger_15_interact
     00000006  b_do_load_palette                  data_manager
     00000006  b_load_background                  data_manager
     00000006  b_load_bkg_tileset                 data_manager
     00000006  b_load_bounds                      data_manager
     00000006  b_load_emote                       data_manager
     00000006  b_load_init                        data_manager
     00000006  b_load_player                      data_manager
     00000006  b_load_scene                       data_manager
     00000006  b_load_sprite                      data_manager
     00000006  l__HEADER7                      
     00000007  ___bank_bg_level_2_tilemap         bg_level_2_tilemap
     00000007  ___bank_bg_level_3_tilemap         bg_level_3_tilemap
     00000007  ___bank_bg_level_mario2_tileset    bg_level_mario2_tileset
     00000007  ___bank_bg_tutorial2_tileset       bg_tutorial2_tileset
     00000007  ___bank_scene_level_3_collisions   scene_level_3_collisions
     00000007  ___bank_scene_street_collisions    scene_street_collisions
     00000007  b_parallax_init                    parallax
     00000007  l__HEADER2                      
     00000008  ___bank_bg_level_2_tileset         bg_level_2_tileset
     00000008  ___bank_bg_level_3_tileset         bg_level_3_tileset
     00000008  ___bank_bg_level_menu_tileset      bg_level_menu_tileset
     00000008  ___bank_bg_titlescreen_cart_tile   bg_titlescreen_cart_tileset
     00000008  ___bank_bg_titlescreen_tileset     bg_titlescreen_tileset
     00000008  ___bank_song_rulz_lightmood_Data   song_rulz_lightmood_Data
     00000008  ___bank_sprite_tetris_skater_ben   sprite_tetris_skater_ben_til
     00000008  ___bank_trigger_16_interact        trigger_16_interact
     00000008  ___mute_mask_sound_legacy_5        sound_legacy_5
     00000008  ___mute_mask_sound_legacy_6        sound_legacy_6
     00000008  ___mute_mask_sound_legacy_9        sound_legacy_9
     00000008  l__HEADER3                      
     00000009  ___bank_VM_UI                      vm_ui
     00000009  ___bank_bg_level_menu2_tileset     bg_level_menu2_tileset
     00000009  ___bank_bg_level_menu3_tileset     bg_level_menu3_tileset
     00000009  ___bank_scene_test_init            scene_test_init
     00000009  ___bank_script_init_turnip_init    script_init_turnip_init
     00000009  ___bank_song_rulz_battletheme_Da   song_rulz_battletheme_Data
     00000009  ___bank_song_rulz_fastpacespeedr   song_rulz_fastpacespeedrace_
     00000009  ___bank_song_rulz_gonaspace_Data   song_rulz_gonaspace_Data
     00000009  b_adventure_init                   adventure
     00000009  b_adventure_update                 adventure
     00000009  b_scroll_init                      scroll
     00000009  b_scroll_repaint                   scroll
ASxxxx Linker V03.00 + NoICE + sdld,  page 6.
Hexadecimal  [32-Bits]

Area                                    Addr        Size        Decimal Bytes (Attributes)
--------------------------------        ----        ----        ------- ----- ------------
.  .ABS.                            00000000    00000000 =           0. bytes (ABS,CON)

      Value  Global                              Global Defined In Module
      -----  --------------------------------   ------------------------
     00000009  b_scroll_reset                     scroll
     00000009  b_scroll_update                    scroll
     00000009  b_shmup_init                       shmup
     00000009  b_shmup_update                     shmup
     00000009  b_vm_choice                        vm_ui
     00000009  b_vm_display_text                  vm_ui
     00000009  b_vm_overlay_clear                 vm_ui
     00000009  b_vm_overlay_move_to               vm_ui
     00000009  b_vm_overlay_scroll                vm_ui
     00000009  b_vm_overlay_set_map               vm_ui
     00000009  b_vm_overlay_set_scroll            vm_ui
     00000009  b_vm_overlay_set_submap            vm_ui
     00000009  b_vm_overlay_set_submap_ex         vm_ui
     00000009  b_vm_overlay_setpos                vm_ui
     00000009  b_vm_overlay_show                  vm_ui
     00000009  b_vm_overlay_wait                  vm_ui
     00000009  b_vm_set_font                      vm_ui
     00000009  b_vm_set_text_sound                vm_ui
     00000009  b_vm_switch_text_layer             vm_ui
     0000000A  ___bank_VM_GAMEBOY                 vm_gameboy
     0000000A  ___bank_VM_MUSIC                   vm_music
     0000000A  ___bank_bg_credits_tilemap_attr    bg_credits_tilemap_attr
     0000000A  ___bank_bg_level_menu4_tileset     bg_level_menu4_tileset
     0000000A  ___bank_bg_level_menu_tilemap      bg_level_menu_tilemap
     0000000A  ___bank_bg_level_menu_tilemap_at   bg_level_menu_tilemap_attr
     0000000A  ___bank_bg_tutorial_copy_tileset   bg_tutorial_copy_tileset
     0000000A  ___bank_scene_level_menu_collisi   scene_level_menu_collisions
     0000000A  ___bank_song_rulz_into_the_woods   song_rulz_into_the_woods_Dat
     0000000A  ___bank_song_rulz_undergroundcav   song_rulz_undergroundcave_Da
     0000000A  ___bank_sprite_large_skater_skat   sprite_large_skater_skater_
     0000000A  ___bank_trigger_17_interact        trigger_17_interact
     0000000A  b_topdown_init                     topdown
     0000000A  b_topdown_update                   topdown
     0000000A  b_vm_context_prepare               vm_gameboy
     0000000A  b_vm_fade                          vm_gameboy
     0000000A  b_vm_get_tile_xy                   vm_gameboy
     0000000A  b_vm_input_attach                  vm_gameboy
     0000000A  b_vm_input_detach                  vm_gameboy
     0000000A  b_vm_input_get                     vm_gameboy
     0000000A  b_vm_input_wait                    vm_gameboy
     0000000A  b_vm_load_tiles                    vm_gameboy
     0000000A  b_vm_load_tileset                  vm_gameboy
     0000000A  b_vm_music_mute                    vm_music
     0000000A  b_vm_music_play                    vm_music
     0000000A  b_vm_music_routine                 vm_music
     0000000A  b_vm_music_setpos                  vm_music
     0000000A  b_vm_music_stop                    vm_music
     0000000A  b_vm_poll                          vm_gameboy
     0000000A  b_vm_replace_tile                  vm_gameboy
     0000000A  b_vm_replace_tile_xy               vm_gameboy
     0000000A  b_vm_rumble                        vm_gameboy
ASxxxx Linker V03.00 + NoICE + sdld,  page 7.
Hexadecimal  [32-Bits]

Area                                    Addr        Size        Decimal Bytes (Attributes)
--------------------------------        ----        ----        ------- ----- ------------
.  .ABS.                            00000000    00000000 =           0. bytes (ABS,CON)

      Value  Global                              Global Defined In Module
      -----  --------------------------------   ------------------------
     0000000A  b_vm_set_sprite_mode               vm_gameboy
     0000000A  b_vm_set_sprites_visible           vm_gameboy
     0000000A  b_vm_sfx_play                      vm_music
     0000000A  b_vm_sound_mastervol               vm_music
     0000000A  b_vm_timer_prepare                 vm_gameboy
     0000000A  b_vm_timer_reset                   vm_gameboy
     0000000A  b_vm_timer_set                     vm_gameboy
     0000000A  b_vm_timer_stop                    vm_gameboy
     0000000B  ___bank_VM_GBPRINTER               vm_gbprinter
     0000000B  ___bank_bg_credits_tilemap         bg_credits_tilemap
     0000000B  ___bank_bg_level_menu2_tilemap     bg_level_menu2_tilemap
     0000000B  ___bank_bg_level_menu2_tilemap_a   bg_level_menu2_tilemap_attr
     0000000B  ___bank_bg_level_menu3_tilemap     bg_level_menu3_tilemap
     0000000B  ___bank_bg_level_menu3_tilemap_a   bg_level_menu3_tilemap_attr
     0000000B  ___bank_bg_tutorial2_tilemap       bg_tutorial2_tilemap
     0000000B  ___bank_scene_credits_collisions   scene_credits_collisions
     0000000B  ___bank_scene_level_menu_3_colli   scene_level_menu_3_collision
     0000000B  ___bank_scene_mario_actors         scene_mario_actors
     0000000B  ___bank_scene_pac_actors           scene_pac_actors
     0000000B  ___bank_scene_tuorial2_collision   scene_tuorial2_collisions
     0000000B  ___bank_sprite_trick_kickflip_ti   sprite_trick_kickflip_tilese
     0000000B  ___bank_trigger_18_interact        trigger_18_interact
     0000000B  b_core_reset                       core
     0000000B  b_core_run                         core
     0000000B  b_data_clear                       load_save
     0000000B  b_data_init                        load_save
     0000000B  b_data_load                        load_save
     0000000B  b_data_peek                        load_save
     0000000B  b_data_save                        load_save
     0000000B  b_gbprinter_detect                 gbprinter
     0000000B  b_gbprinter_print_overlay          gbprinter
     0000000B  b_projectile_launch                projectiles
     0000000B  b_projectiles_init                 projectiles
     0000000B  b_vm_print_detect                  vm_gbprinter
     0000000B  b_vm_print_overlay                 vm_gbprinter
     0000000C  ___bank_VM_CAMERA                  vm_camera
     0000000C  ___bank_VM_MATH                    vm_math
     0000000C  ___bank_VM_PALETTE                 vm_palette
     0000000C  ___bank_VM_PROJECTILE              vm_projectiles
     0000000C  ___bank_VM_RTC                     vm_rtc
     0000000C  ___bank_VM_SIO                     vm_sio
     0000000C  ___bank_bg_end_tilemap             bg_end_tilemap
     0000000C  ___bank_bg_end_tilemap_attr        bg_end_tilemap_attr
     0000000C  ___bank_bg_level_menu4_tilemap     bg_level_menu4_tilemap
     0000000C  ___bank_bg_level_tetris_tileset    bg_level_tetris_tileset
     0000000C  ___bank_bg_titlescreen_cart_tile   bg_titlescreen_cart_tilemap
     0000000C  ___bank_bg_titlescreen_tilemap     bg_titlescreen_tilemap
     0000000C  ___bank_bg_titlescreen_tilemap_a   bg_titlescreen_tilemap_attr
     0000000C  ___bank_scene_end_collisions       scene_end_collisions
     0000000C  ___bank_scene_end_init             scene_end_init
     0000000C  ___bank_scene_level_menu_2_colli   scene_level_menu_2_collision
ASxxxx Linker V03.00 + NoICE + sdld,  page 8.
Hexadecimal  [32-Bits]

Area                                    Addr        Size        Decimal Bytes (Attributes)
--------------------------------        ----        ----        ------- ----- ------------
.  .ABS.                            00000000    00000000 =           0. bytes (ABS,CON)

      Value  Global                              Global Defined In Module
      -----  --------------------------------   ------------------------
     0000000C  ___bank_scene_level_menu_2_sprit   scene_level_menu_2_sprites
     0000000C  ___bank_scene_level_menu_4_colli   scene_level_menu_4_collision
     0000000C  ___bank_scene_logo_collisions      scene_logo_collisions
     0000000C  ___bank_scene_street_triggers      scene_street_triggers
     0000000C  ___bank_scene_test_collisions      scene_test_collisions
     0000000C  ___bank_scene_title_screen_colli   scene_title_screen_collision
     0000000C  ___bank_script_26                  script_26
     0000000C  ___bank_script_collisions_mario_   script_collisions_mario_she
     0000000C  ___bank_script_collisions_turnip   script_collisions_turnip_co
     0000000C  ___bank_script_input_2             script_input_2
     0000000C  ___bank_script_input_4             script_input_4
     0000000C  ___bank_script_input_6             script_input_6
     0000000C  ___bank_script_trigger_grind_1_p   script_trigger_grind_1_plac
     0000000C  ___bank_song_rulz_outside_Data     song_rulz_outside_Data
     0000000C  ___bank_sprite_mario_props_tiles   sprite_mario_props_tileset
     0000000C  ___bank_sprite_pac_gohst_tileset   sprite_pac_gohst_tileset
     0000000C  ___bank_sprite_trick_kickflip      sprite_trick_kickflip
     0000000C  __start_save                    
     0000000C  b___HandleCrash_banked             
     0000000C  b_camera_shake_frames              vm_camera
     0000000C  b_erase_flash                      
     0000000C  b_itoa_fmt                         vm_ui_a
     0000000C  b_music_events_poll                music_manager
     0000000C  b_music_init_driver                music_manager
     0000000C  b_music_init_events                music_manager
     0000000C  b_pointnclick_init                 pointnclick
     0000000C  b_pointnclick_update               pointnclick
     0000000C  b_save_sram_banks                  
     0000000C  b_set_sgb_border                   sgb_border
     0000000C  b_trigger_activate_at              trigger
     0000000C  b_trigger_activate_at_intersecti   trigger
     0000000C  b_trigger_at_intersection          trigger
     0000000C  b_trigger_at_tile                  trigger
     0000000C  b_trigger_interact                 trigger
     0000000C  b_trigger_reset                    trigger
     0000000C  b_vm_camera_move_to                vm_camera
     0000000C  b_vm_camera_set_pos                vm_camera
     0000000C  b_vm_cos_scale                     vm_math
     0000000C  b_vm_load_palette                  vm_palette
     0000000C  b_vm_projectile_launch             vm_projectiles
     0000000C  b_vm_projectile_load_type          vm_projectiles
     0000000C  b_vm_rtc_get                       vm_rtc
     0000000C  b_vm_rtc_latch                     vm_rtc
     0000000C  b_vm_rtc_set                       vm_rtc
     0000000C  b_vm_rtc_start                     vm_rtc
     0000000C  b_vm_sin_scale                     vm_math
     0000000C  b_vm_sio_exchange                  vm_sio
     0000000C  b_vm_sio_set_mode                  vm_sio
     0000000D  ___bank_VM_LOAD_SAVE               vm_load_save
     0000000D  ___bank_VM_SCENE                   vm_scene
     0000000D  ___bank_actor_0_interact           actor_0_interact
ASxxxx Linker V03.00 + NoICE + sdld,  page 9.
Hexadecimal  [32-Bits]

Area                                    Addr        Size        Decimal Bytes (Attributes)
--------------------------------        ----        ----        ------- ----- ------------
.  .ABS.                            00000000    00000000 =           0. bytes (ABS,CON)

      Value  Global                              Global Defined In Module
      -----  --------------------------------   ------------------------
     0000000D  ___bank_actor_10_interact          actor_10_interact
     0000000D  ___bank_actor_11_interact          actor_11_interact
     0000000D  ___bank_actor_12_interact          actor_12_interact
     0000000D  ___bank_actor_15_interact          actor_15_interact
     0000000D  ___bank_actor_16_interact          actor_16_interact
     0000000D  ___bank_actor_1_interact           actor_1_interact
     0000000D  ___bank_actor_21_interact          actor_21_interact
     0000000D  ___bank_actor_22_interact          actor_22_interact
     0000000D  ___bank_actor_23_interact          actor_23_interact
     0000000D  ___bank_actor_24_interact          actor_24_interact
     0000000D  ___bank_actor_25_interact          actor_25_interact
     0000000D  ___bank_actor_26_interact          actor_26_interact
     0000000D  ___bank_actor_27_interact          actor_27_interact
     0000000D  ___bank_actor_28_interact          actor_28_interact
     0000000D  ___bank_actor_28_update            actor_28_update
     0000000D  ___bank_actor_29_interact          actor_29_interact
     0000000D  ___bank_actor_29_update            actor_29_update
     0000000D  ___bank_actor_2_interact           actor_2_interact
     0000000D  ___bank_actor_30_interact          actor_30_interact
     0000000D  ___bank_actor_31_update            actor_31_update
     0000000D  ___bank_actor_32_interact          actor_32_interact
     0000000D  ___bank_actor_32_update            actor_32_update
     0000000D  ___bank_actor_33_interact          actor_33_interact
     0000000D  ___bank_actor_33_update            actor_33_update
     0000000D  ___bank_actor_34_interact          actor_34_interact
     0000000D  ___bank_actor_34_update            actor_34_update
     0000000D  ___bank_actor_36_interact          actor_36_interact
     0000000D  ___bank_actor_36_update            actor_36_update
     0000000D  ___bank_actor_37_interact          actor_37_interact
     0000000D  ___bank_actor_37_update            actor_37_update
     0000000D  ___bank_actor_39_interact          actor_39_interact
     0000000D  ___bank_actor_39_update            actor_39_update
     0000000D  ___bank_actor_41_interact          actor_41_interact
     0000000D  ___bank_actor_44_interact          actor_44_interact
     0000000D  ___bank_actor_45_interact          actor_45_interact
     0000000D  ___bank_actor_46_interact          actor_46_interact
     0000000D  ___bank_actor_47_interact          actor_47_interact
     0000000D  ___bank_actor_48_interact          actor_48_interact
     0000000D  ___bank_actor_49_interact          actor_49_interact
     0000000D  ___bank_actor_52_interact          actor_52_interact
     0000000D  ___bank_actor_53_interact          actor_53_interact
     0000000D  ___bank_actor_54_interact          actor_54_interact
     0000000D  ___bank_actor_56_interact          actor_56_interact
     0000000D  ___bank_actor_56_update            actor_56_update
     0000000D  ___bank_actor_57_interact          actor_57_interact
     0000000D  ___bank_actor_57_update            actor_57_update
     0000000D  ___bank_actor_59_interact          actor_59_interact
     0000000D  ___bank_actor_59_update            actor_59_update
     0000000D  ___bank_actor_60_interact          actor_60_interact
     0000000D  ___bank_actor_60_update            actor_60_update
     0000000D  ___bank_actor_6_interact           actor_6_interact
ASxxxx Linker V03.00 + NoICE + sdld,  page 10.
Hexadecimal  [32-Bits]

Area                                    Addr        Size        Decimal Bytes (Attributes)
--------------------------------        ----        ----        ------- ----- ------------
.  .ABS.                            00000000    00000000 =           0. bytes (ABS,CON)

      Value  Global                              Global Defined In Module
      -----  --------------------------------   ------------------------
     0000000D  ___bank_actor_7_interact           actor_7_interact
     0000000D  ___bank_actor_8_interact           actor_8_interact
     0000000D  ___bank_bg_end                     bg_end
     0000000D  ___bank_bg_level_2                 bg_level_2
     0000000D  ___bank_bg_level_3                 bg_level_3
     0000000D  ___bank_bg_level_mario2            bg_level_mario2
     0000000D  ___bank_bg_level_menu              bg_level_menu
     0000000D  ___bank_bg_level_menu2             bg_level_menu2
     0000000D  ___bank_bg_level_menu3             bg_level_menu3
     0000000D  ___bank_bg_level_menu4             bg_level_menu4
     0000000D  ___bank_bg_level_pacman            bg_level_pacman
     0000000D  ___bank_bg_level_tetris            bg_level_tetris
     0000000D  ___bank_bg_titlescreen             bg_titlescreen
     0000000D  ___bank_bg_titlescreen_cart        bg_titlescreen_cart
     0000000D  ___bank_bg_tutorial2               bg_tutorial2
     0000000D  ___bank_bg_tutorial_copy           bg_tutorial_copy
     0000000D  ___bank_bootstrap_script           
     0000000D  ___bank_cursor_image               cursor_image
     0000000D  ___bank_palette_0                  palette_0
     0000000D  ___bank_palette_1                  palette_1
     0000000D  ___bank_palette_10                 palette_10
     0000000D  ___bank_palette_11                 palette_11
     0000000D  ___bank_palette_12                 palette_12
     0000000D  ___bank_palette_2                  palette_2
     0000000D  ___bank_palette_3                  palette_3
     0000000D  ___bank_palette_4                  palette_4
     0000000D  ___bank_palette_5                  palette_5
     0000000D  ___bank_palette_6                  palette_6
     0000000D  ___bank_palette_7                  palette_7
     0000000D  ___bank_palette_8                  palette_8
     0000000D  ___bank_palette_9                  palette_9
     0000000D  ___bank_scene_credits              scene_credits
     0000000D  ___bank_scene_credits_init         scene_credits_init
     0000000D  ___bank_scene_end                  scene_end
     0000000D  ___bank_scene_level_3              scene_level_3
     0000000D  ___bank_scene_level_3_init         scene_level_3_init
     0000000D  ___bank_scene_level_3_triggers     scene_level_3_triggers
     0000000D  ___bank_scene_level_menu           scene_level_menu
     0000000D  ___bank_scene_level_menu_2         scene_level_menu_2
     0000000D  ___bank_scene_level_menu_2_actor   scene_level_menu_2_actors
     0000000D  ___bank_scene_level_menu_2_init    scene_level_menu_2_init
     0000000D  ___bank_scene_level_menu_2_trigg   scene_level_menu_2_triggers
     0000000D  ___bank_scene_level_menu_3         scene_level_menu_3
     0000000D  ___bank_scene_level_menu_3_init    scene_level_menu_3_init
     0000000D  ___bank_scene_level_menu_3_trigg   scene_level_menu_3_triggers
     0000000D  ___bank_scene_level_menu_4         scene_level_menu_4
     0000000D  ___bank_scene_level_menu_4_init    scene_level_menu_4_init
     0000000D  ___bank_scene_level_menu_4_trigg   scene_level_menu_4_triggers
     0000000D  ___bank_scene_level_menu_actors    scene_level_menu_actors
     0000000D  ___bank_scene_level_menu_init      scene_level_menu_init
     0000000D  ___bank_scene_level_menu_sprites   scene_level_menu_sprites
ASxxxx Linker V03.00 + NoICE + sdld,  page 11.
Hexadecimal  [32-Bits]

Area                                    Addr        Size        Decimal Bytes (Attributes)
--------------------------------        ----        ----        ------- ----- ------------
.  .ABS.                            00000000    00000000 =           0. bytes (ABS,CON)

      Value  Global                              Global Defined In Module
      -----  --------------------------------   ------------------------
     0000000D  ___bank_scene_level_menu_trigger   scene_level_menu_triggers
     0000000D  ___bank_scene_logo                 scene_logo
     0000000D  ___bank_scene_logo_init            scene_logo_init
     0000000D  ___bank_scene_mario                scene_mario
     0000000D  ___bank_scene_mario_init           scene_mario_init
     0000000D  ___bank_scene_mario_p_hit1         scene_mario_p_hit1
     0000000D  ___bank_scene_mario_triggers       scene_mario_triggers
     0000000D  ___bank_scene_pac                  scene_pac
     0000000D  ___bank_scene_pac_init             scene_pac_init
     0000000D  ___bank_scene_pac_sprites          scene_pac_sprites
     0000000D  ___bank_scene_pac_triggers         scene_pac_triggers
     0000000D  ___bank_scene_street               scene_street
     0000000D  ___bank_scene_street_init          scene_street_init
     0000000D  ___bank_scene_test                 scene_test
     0000000D  ___bank_scene_tetris               scene_tetris
     0000000D  ___bank_scene_tetris_init          scene_tetris_init
     0000000D  ___bank_scene_tetris_triggers      scene_tetris_triggers
     0000000D  ___bank_scene_title_screen         scene_title_screen
     0000000D  ___bank_scene_title_screen_init    scene_title_screen_init
     0000000D  ___bank_scene_tuorial2             scene_tuorial2
     0000000D  ___bank_scene_tuorial2_init        scene_tuorial2_init
     0000000D  ___bank_scene_tuorial2_triggers    scene_tuorial2_triggers
     0000000D  ___bank_scene_tutorial             scene_tutorial
     0000000D  ___bank_scene_tutorial_init        scene_tutorial_init
     0000000D  ___bank_scene_tutorial_triggers    scene_tutorial_triggers
     0000000D  ___bank_script_23                  script_23
     0000000D  ___bank_script_24                  script_24
     0000000D  ___bank_script_25                  script_25
     0000000D  ___bank_script_29                  script_29
     0000000D  ___bank_script_30                  script_30
     0000000D  ___bank_script_collisons_turnip_   script_collisons_turnip_col
     0000000D  ___bank_script_controls_2_pac      script_controls_2_pac
     0000000D  ___bank_script_controls_a_to_pus   script_controls_a_to_push
     0000000D  ___bank_script_engine_init         
     0000000D  ___bank_script_input_0             script_input_0
     0000000D  ___bank_script_input_3             script_input_3
     0000000D  ___bank_script_input_5             script_input_5
     0000000D  ___bank_script_small_sprite_cont   script_small_sprite_control
     0000000D  ___bank_script_sounds_menu         script_sounds_menu
     0000000D  ___bank_script_sounds_menu_back    script_sounds_menu_back
     0000000D  ___bank_script_sounds_menu_selec   script_sounds_menu_select
     0000000D  ___bank_script_tetris_block        script_tetris_block
     0000000D  ___bank_script_trick_kickflip      script_trick_kickflip
     0000000D  ___bank_script_trigger_grind2_pl   script_trigger_grind2_place
     0000000D  ___bank_script_turnip_movement     script_turnip_movement
     0000000D  ___bank_sound_legacy_0             sound_legacy_0
     0000000D  ___bank_sound_legacy_1             sound_legacy_1
     0000000D  ___bank_sound_legacy_2             sound_legacy_2
     0000000D  ___bank_sound_legacy_3             sound_legacy_3
     0000000D  ___bank_sound_legacy_4             sound_legacy_4
     0000000D  ___bank_sound_legacy_5             sound_legacy_5
ASxxxx Linker V03.00 + NoICE + sdld,  page 12.
Hexadecimal  [32-Bits]

Area                                    Addr        Size        Decimal Bytes (Attributes)
--------------------------------        ----        ----        ------- ----- ------------
.  .ABS.                            00000000    00000000 =           0. bytes (ABS,CON)

      Value  Global                              Global Defined In Module
      -----  --------------------------------   ------------------------
     0000000D  ___bank_sound_legacy_6             sound_legacy_6
     0000000D  ___bank_sound_legacy_7             sound_legacy_7
     0000000D  ___bank_sound_legacy_8             sound_legacy_8
     0000000D  ___bank_sound_legacy_9             sound_legacy_9
     0000000D  ___bank_sprite_pac_gohst           sprite_pac_gohst
     0000000D  ___bank_sprite_pac_skater_pac      sprite_pac_skater_pac
     0000000D  ___bank_sprite_pac_skater_pac_ti   sprite_pac_skater_pac_tilese
     0000000D  ___bank_sprite_skater_ben          sprite_skater_ben
     0000000D  ___bank_sprite_skater_ben_tilese   sprite_skater_ben_tileset
     0000000D  ___bank_sprite_tetris_skater_ben   sprite_tetris_skater_ben
     0000000D  ___bank_sprite_trick_backtail      sprite_trick_backtail
     0000000D  ___bank_sprite_trick_backtail_ti   sprite_trick_backtail_tilese
     0000000D  ___bank_sprite_trick_kickflip2     sprite_trick_kickflip2
     0000000D  ___bank_sprite_trick_kickflip2_t   sprite_trick_kickflip2_tiles
     0000000D  ___bank_sprite_trick_nollie        sprite_trick_nollie
     0000000D  ___bank_sprite_trick_nollie_tile   sprite_trick_nollie_tileset
     0000000D  ___bank_sprite_trick_ollie         sprite_trick_ollie
     0000000D  ___bank_sprite_trick_ollie_tiles   sprite_trick_ollie_tileset
     0000000D  ___bank_sprite_turnip_squash       sprite_turnip_squash
     0000000D  ___bank_sprite_turnip_squash_til   sprite_turnip_squash_tileset
     0000000D  ___bank_spritesheet_none           spritesheet_none
     0000000D  ___bank_trigger_0_interact         trigger_0_interact
     0000000D  ___bank_trigger_100_interact       trigger_100_interact
     0000000D  ___bank_trigger_101_interact       trigger_101_interact
     0000000D  ___bank_trigger_102_interact       trigger_102_interact
     0000000D  ___bank_trigger_10_interact        trigger_10_interact
     0000000D  ___bank_trigger_11_interact        trigger_11_interact
     0000000D  ___bank_trigger_12_interact        trigger_12_interact
     0000000D  ___bank_trigger_13_interact        trigger_13_interact
     0000000D  ___bank_trigger_14_interact        trigger_14_interact
     0000000D  ___bank_trigger_19_interact        trigger_19_interact
     0000000D  ___bank_trigger_1_interact         trigger_1_interact
     0000000D  ___bank_trigger_20_interact        trigger_20_interact
     0000000D  ___bank_trigger_21_interact        trigger_21_interact
     0000000D  ___bank_trigger_22_interact        trigger_22_interact
     0000000D  ___bank_trigger_23_interact        trigger_23_interact
     0000000D  ___bank_trigger_24_interact        trigger_24_interact
     0000000D  ___bank_trigger_25_interact        trigger_25_interact
     0000000D  ___bank_trigger_26_interact        trigger_26_interact
     0000000D  ___bank_trigger_27_interact        trigger_27_interact
     0000000D  ___bank_trigger_28_interact        trigger_28_interact
     0000000D  ___bank_trigger_29_interact        trigger_29_interact
     0000000D  ___bank_trigger_2_interact         trigger_2_interact
     0000000D  ___bank_trigger_30_interact        trigger_30_interact
     0000000D  ___bank_trigger_31_interact        trigger_31_interact
     0000000D  ___bank_trigger_32_interact        trigger_32_interact
     0000000D  ___bank_trigger_33_interact        trigger_33_interact
     0000000D  ___bank_trigger_34_interact        trigger_34_interact
     0000000D  ___bank_trigger_35_interact        trigger_35_interact
     0000000D  ___bank_trigger_36_interact        trigger_36_interact
     0000000D  ___bank_trigger_3_interact         trigger_3_interact
ASxxxx Linker V03.00 + NoICE + sdld,  page 13.
Hexadecimal  [32-Bits]

Area                                    Addr        Size        Decimal Bytes (Attributes)
--------------------------------        ----        ----        ------- ----- ------------
.  .ABS.                            00000000    00000000 =           0. bytes (ABS,CON)

      Value  Global                              Global Defined In Module
      -----  --------------------------------   ------------------------
     0000000D  ___bank_trigger_4_interact         trigger_4_interact
     0000000D  ___bank_trigger_53_interact        trigger_53_interact
     0000000D  ___bank_trigger_54_interact        trigger_54_interact
     0000000D  ___bank_trigger_55_interact        trigger_55_interact
     0000000D  ___bank_trigger_56_interact        trigger_56_interact
     0000000D  ___bank_trigger_57_interact        trigger_57_interact
     0000000D  ___bank_trigger_58_interact        trigger_58_interact
     0000000D  ___bank_trigger_59_interact        trigger_59_interact
     0000000D  ___bank_trigger_5_interact         trigger_5_interact
     0000000D  ___bank_trigger_60_interact        trigger_60_interact
     0000000D  ___bank_trigger_61_interact        trigger_61_interact
     0000000D  ___bank_trigger_6_interact         trigger_6_interact
     0000000D  ___bank_trigger_70_interact        trigger_70_interact
     0000000D  ___bank_trigger_71_interact        trigger_71_interact
     0000000D  ___bank_trigger_72_interact        trigger_72_interact
     0000000D  ___bank_trigger_73_interact        trigger_73_interact
     0000000D  ___bank_trigger_74_interact        trigger_74_interact
     0000000D  ___bank_trigger_7_interact         trigger_7_interact
     0000000D  ___bank_trigger_82_interact        trigger_82_interact
     0000000D  ___bank_trigger_83_interact        trigger_83_interact
     0000000D  ___bank_trigger_84_interact        trigger_84_interact
     0000000D  ___bank_trigger_85_interact        trigger_85_interact
     0000000D  ___bank_trigger_86_interact        trigger_86_interact
     0000000D  ___bank_trigger_87_interact        trigger_87_interact
     0000000D  ___bank_trigger_88_interact        trigger_88_interact
     0000000D  ___bank_trigger_89_interact        trigger_89_interact
     0000000D  ___bank_trigger_8_interact         trigger_8_interact
     0000000D  ___bank_trigger_90_interact        trigger_90_interact
     0000000D  ___bank_trigger_91_interact        trigger_91_interact
     0000000D  ___bank_trigger_92_interact        trigger_92_interact
     0000000D  ___bank_trigger_93_interact        trigger_93_interact
     0000000D  ___bank_trigger_94_interact        trigger_94_interact
     0000000D  ___bank_trigger_95_interact        trigger_95_interact
     0000000D  ___bank_trigger_96_interact        trigger_96_interact
     0000000D  ___bank_trigger_97_interact        trigger_97_interact
     0000000D  ___bank_trigger_98_interact        trigger_98_interact
     0000000D  ___bank_trigger_99_interact        trigger_99_interact
     0000000D  ___bank_trigger_9_interact         trigger_9_interact
     0000000D  b_SIO_init                         sio
     0000000D  b_camera_init                      camera
     0000000D  b_camera_reset                     camera
     0000000D  b_events_init                      events
     0000000D  b_input_init                       input
     0000000D  b_logo_init                        logo
     0000000D  b_logo_update                      logo
     0000000D  b_remove_LCD_ISRs                  interrupts
     0000000D  b_restore_sram                     flasher
     0000000D  b_restore_sram_bank                flasher
     0000000D  b_save_sram                        flasher
     0000000D  b_scroll_rect                      
     0000000D  b_timers_init                      events
ASxxxx Linker V03.00 + NoICE + sdld,  page 14.
Hexadecimal  [32-Bits]

Area                                    Addr        Size        Decimal Bytes (Attributes)
--------------------------------        ----        ----        ------- ----- ------------
.  .ABS.                            00000000    00000000 =           0. bytes (ABS,CON)

      Value  Global                              Global Defined In Module
      -----  --------------------------------   ------------------------
     0000000D  b_vm_save_clear                    vm_load_save
     0000000D  b_vm_save_peek                     vm_load_save
     0000000D  b_vm_scene_pop                     vm_scene
     0000000D  b_vm_scene_pop_all                 vm_scene
     0000000D  b_vm_scene_push                    vm_scene
     0000000D  b_vm_scene_stack_reset             vm_scene
     00000011  l__EHL_TRAMPOLINE0              
     00000019  l__INITIALIZED                  
     00000019  l__INITIALIZER                  
     0000002D  l__GSINIT                       
     00000030  l__HEADER6                      
     0000004E  l__HEADER4                      
     00000082  l__HEADER10                     
     000001CB  l__CRASH_SCRATCH2               
     00000200  s__CODE                         
     000007A4  l__CODE                         
     000009A4  s__HOME                         
     0000197C  l__DATA                         
     00002000  _rROMB0                            
     00002AC1  l__CODE_13                      
     00002C7E  l__HOME                         
     00003000  _rROMB1                            
     00003622  s__BASE                         
     00003622  s__CODE_0                       
     00003622  s__INITIALIZER                  
     00003622  s__LIT                          
     0000363B  s__GSINIT                       
     00003668  s__GSFINAL                      
     00003FF3  l__CODE_1                       
     00003FFF  l__CODE_11                      
     00003FFF  l__CODE_12                      
     00003FFF  l__CODE_4                       
     00004000  _RTC_SELECT_REG                    vm_rtc
     00004000  _rRAMB                             
     00004000  l__CODE_10                      
     00004000  l__CODE_2                       
     00004000  l__CODE_3                       
     00004000  l__CODE_5                       
     00004000  l__CODE_6                       
     00004000  l__CODE_7                       
     00004000  l__CODE_8                       
     00004000  l__CODE_9                       
     00006000  _RTC_LATCH_REG                     vm_rtc
     00008000  __VRAM                             
     00008000  __VRAM8000                         
     00008800  __VRAM8800                         
     00009000  __VRAM9000                         
     00009800  __SCRN0                            
     00009C00  __SCRN1                            
     0000A000  _RTC_VALUE_REG                     vm_rtc
     0000A000  __SRAM                             
ASxxxx Linker V03.00 + NoICE + sdld,  page 15.
Hexadecimal  [32-Bits]

Area                                    Addr        Size        Decimal Bytes (Attributes)
--------------------------------        ----        ----        ------- ----- ------------
.  .ABS.                            00000000    00000000 =           0. bytes (ABS,CON)

      Value  Global                              Global Defined In Module
      -----  --------------------------------   ------------------------
     0000C000  __RAM                              
     0000C000  _shadow_OAM                     
     0000C0A0  s__DATA                         
     0000D000  __RAMBANK                          
     0000DA1C  s__BSS                          
     0000DA1C  s__INITIALIZED                  
     0000DA35  s__HEAP                         
     0000DF00  .STACK                          
     0000DF00  _shadow_OAM2                       absolute
     0000DFA0  _BkgPalette                        absolute
     0000DFE0  _vwf_tile_data                     absolute
     0000FE00  __OAMRAM                           
     0000FF00  _P1_REG                            
     0000FF00  __IO                               
     0000FF01  _SB_REG                            
     0000FF02  _SC_REG                            
     0000FF04  _DIV_REG                           
     0000FF05  _TIMA_REG                          
     0000FF06  _TMA_REG                           
     0000FF07  _TAC_REG                           
     0000FF0F  _IF_REG                            
     0000FF10  _NR10_REG                          
     0000FF11  _NR11_REG                          
     0000FF12  _NR12_REG                          
     0000FF13  _NR13_REG                          
     0000FF14  _NR14_REG                          
     0000FF16  _NR21_REG                          
     0000FF17  _NR22_REG                          
     0000FF18  _NR23_REG                          
     0000FF19  _NR24_REG                          
     0000FF1A  _NR30_REG                          
     0000FF1B  _NR31_REG                          
     0000FF1C  _NR32_REG                          
     0000FF1D  _NR33_REG                          
     0000FF1E  _NR34_REG                          
     0000FF20  _NR41_REG                          
     0000FF21  _NR42_REG                          
     0000FF22  _NR43_REG                          
     0000FF23  _NR44_REG                          
     0000FF24  _NR50_REG                          
     0000FF25  _NR51_REG                          
     0000FF26  _NR52_REG                          
     0000FF30  _AUD3WAVE                          
     0000FF30  _PCM_SAMPLE                        
     0000FF30  __AUD3WAVERAM                      
     0000FF40  _LCDC_REG                          
     0000FF41  _STAT_REG                          
     0000FF42  _SCY_REG                           
     0000FF43  _SCX_REG                           
     0000FF44  _LY_REG                            
     0000FF45  _LYC_REG                           
ASxxxx Linker V03.00 + NoICE + sdld,  page 16.
Hexadecimal  [32-Bits]

Area                                    Addr        Size        Decimal Bytes (Attributes)
--------------------------------        ----        ----        ------- ----- ------------
.  .ABS.                            00000000    00000000 =           0. bytes (ABS,CON)

      Value  Global                              Global Defined In Module
      -----  --------------------------------   ------------------------
     0000FF46  _DMA_REG                           
     0000FF47  _BGP_REG                           
     0000FF48  _OBP0_REG                          
     0000FF49  _OBP1_REG                          
     0000FF4A  _WY_REG                            
     0000FF4B  _WX_REG                            
     0000FF4D  _KEY1_REG                          
     0000FF4F  _VBK_REG                           
     0000FF51  _HDMA1_REG                         
     0000FF52  _HDMA2_REG                         
     0000FF53  _HDMA3_REG                         
     0000FF54  _HDMA4_REG                         
     0000FF55  _HDMA5_REG                         
     0000FF56  _RP_REG                            
     0000FF68  _BCPS_REG                          
     0000FF69  _BCPD_REG                          
     0000FF6A  _OCPS_REG                          
     0000FF6B  _OCPD_REG                          
     0000FF70  _SVBK_REG                          
     0000FF76  _PCM12_REG                         
     0000FF77  _PCM34_REG                         
     0000FF80  .refresh_OAM                    
     0000FF80  __HRAM                             
     0000FFFF  _IE_REG                            
     00014000  s__CODE_1                       
     00024000  s__CODE_2                       
     00034000  s__CODE_3                       
     00044000  s__CODE_4                       
     00054000  s__CODE_5                       
     00064000  s__CODE_6                       
     00074000  s__CODE_7                       
     00084000  s__CODE_8                       
     00094000  s__CODE_9                       
     000A4000  s__CODE_10                      
     000B4000  s__CODE_11                      
     000C4000  s__CODE_12                      
     000D4000  s__CODE_13                      
ASxxxx Linker V03.00 + NoICE + sdld,  page 17.
Hexadecimal  [32-Bits]

Area                                    Addr        Size        Decimal Bytes (Attributes)
--------------------------------        ----        ----        ------- ----- ------------
_CODE                               00000200    000007A4 =        1956. bytes (REL,CON)

      Value  Global                              Global Defined In Module
      -----  --------------------------------   ------------------------
     00000200  ___HandleCrash                     
     0000020A  _SIO_send_byte                     
     0000021D  _SIO_receive                       
     0000022E  _SetTile                           
     0000023D  _set_win_tile_xy                   
     00000242  _set_bkg_tile_xy                   
     00000265  _GetWinAddr                        
     0000026D  _GetBkgAddr                        
     0000027B  _state_init                        
     00000280  _state_update                      
     000002A2  _ui_time_masks                     
     000002AA  _ui_print_shift_char               
     0000032D  _ui_draw_frame_row                 
     00000336  .ui_draw_frame_row                 
     0000035F  _script_cmds                       vm_instructions
     00000593  _save_signature                    game_signature
     00000597  _start_scene_x                     
     00000599  _start_scene_y                     
     0000059B  _start_scene_dir                   
     0000059C  _start_scene                       
     0000059F  _start_player_move_speed           
     000005A0  _start_player_anim_tick            
     000005A1  _ui_fonts                          
     000005A4  _core_reset_hook                   main
     000005AC  _main                              main
     000005B4  _state_start_fns                   
     000005C6  _state_update_fns                  
     000005D8  _get_vram_byte                     
     000005E5  _get_win_tile_xy                   
     000005ED  _get_bkg_tile_xy                   
     00000614  _set_sprite_palette                CGB
     00000619  _set_bkg_palette                   CGB
     0000061C  .set_palette                       CGB
     0000063B  _set_sprite_palette_entry          CGB
     00000640  _set_bkg_palette_entry             CGB
     00000643  .set_palette_entry                 CGB
     0000067C  gbt_get_pattern_ptr_banked         
     0000069B  _gbt_play                          
     00000756  _gbt_pause                         
     00000767  _gbt_loop                          
     0000076E  _gbt_stop                          
     00000779  _gbt_enable_channels               
     00000780  _gbt_update                        
     00000885  _hide_sprites_range                Metasprites
     000008B5  .sgb_check                         
     000008B5  _sgb_check                         
     000008FD  _sgb_transfer                      
     00000902  .sgb_transfer                      
     00000943  ___move_metasprite                 Metasprites
     00000982  _cpu_slow                          CGB
ASxxxx Linker V03.00 + NoICE + sdld,  page 18.
Hexadecimal  [32-Bits]

Area                                    Addr        Size        Decimal Bytes (Attributes)
--------------------------------        ----        ----        ------- ----- ------------
_CODE                               00000200    000007A4 =        1956. bytes (REL,CON)

      Value  Global                              Global Defined In Module
      -----  --------------------------------   ------------------------
     0000099D  _cpu_fast                          CGB
ASxxxx Linker V03.00 + NoICE + sdld,  page 19.
Hexadecimal  [32-Bits]

Area                                    Addr        Size        Decimal Bytes (Attributes)
--------------------------------        ----        ----        ------- ----- ------------
_HEADER0                            00000000    00000001 =           1. bytes (ABS,CON)

      Value  Global                              Global Defined In Module
      -----  --------------------------------   ------------------------
     00000020  .call_hl                           Runtime

ASxxxx Linker V03.00 + NoICE + sdld,  page 20.
Hexadecimal  [32-Bits]

Area                                    Addr        Size        Decimal Bytes (Attributes)
--------------------------------        ----        ----        ------- ----- ------------
_HEADER1                            00000000    00000005 =           5. bytes (ABS,CON)

      Value  Global                              Global Defined In Module
      -----  --------------------------------   ------------------------
     00000028  .MemsetSmall                       Runtime

ASxxxx Linker V03.00 + NoICE + sdld,  page 21.
Hexadecimal  [32-Bits]

Area                                    Addr        Size        Decimal Bytes (Attributes)
--------------------------------        ----        ----        ------- ----- ------------
_HEADER2                            00000000    00000007 =           7. bytes (ABS,CON)

      Value  Global                              Global Defined In Module
      -----  --------------------------------   ------------------------
     00000030  .MemcpySmall                       Runtime

ASxxxx Linker V03.00 + NoICE + sdld,  page 22.
Hexadecimal  [32-Bits]

Area                                    Addr        Size        Decimal Bytes (Attributes)
--------------------------------        ----        ----        ------- ----- ------------
_HEADER3                            00000000    00000008 =           8. bytes (ABS,CON)

      Value  Global                              Global Defined In Module
      -----  --------------------------------   ------------------------
ASxxxx Linker V03.00 + NoICE + sdld,  page 23.
Hexadecimal  [32-Bits]

Area                                    Addr        Size        Decimal Bytes (Attributes)
--------------------------------        ----        ----        ------- ----- ------------
_HEADER4                            00000000    0000004E =          78. bytes (ABS,CON)

      Value  Global                              Global Defined In Module
      -----  --------------------------------   ------------------------
     00000080  .int                               Runtime
     0000008F  _wait_int_handler                  Runtime
     0000009C  __standard_VBL_handler             Runtime
     000000AC  _refresh_OAM                       Runtime

ASxxxx Linker V03.00 + NoICE + sdld,  page 24.
Hexadecimal  [32-Bits]

Area                                    Addr        Size        Decimal Bytes (Attributes)
--------------------------------        ----        ----        ------- ----- ------------
_HEADER5                            00000000    00000002 =           2. bytes (ABS,CON)

      Value  Global                              Global Defined In Module
      -----  --------------------------------   ------------------------
ASxxxx Linker V03.00 + NoICE + sdld,  page 25.
Hexadecimal  [32-Bits]

Area                                    Addr        Size        Decimal Bytes (Attributes)
--------------------------------        ----        ----        ------- ----- ------------
_HEADER6                            00000000    00000030 =          48. bytes (ABS,CON)

      Value  Global                              Global Defined In Module
      -----  --------------------------------   ------------------------
ASxxxx Linker V03.00 + NoICE + sdld,  page 26.
Hexadecimal  [32-Bits]

Area                                    Addr        Size        Decimal Bytes (Attributes)
--------------------------------        ----        ----        ------- ----- ------------
_HEADER7                            00000000    00000006 =           6. bytes (ABS,CON)

      Value  Global                              Global Defined In Module
      -----  --------------------------------   ------------------------
ASxxxx Linker V03.00 + NoICE + sdld,  page 27.
Hexadecimal  [32-Bits]

Area                                    Addr        Size        Decimal Bytes (Attributes)
--------------------------------        ----        ----        ------- ----- ------------
_HEADER8                            00000000    00000003 =           3. bytes (ABS,CON)

      Value  Global                              Global Defined In Module
      -----  --------------------------------   ------------------------
ASxxxx Linker V03.00 + NoICE + sdld,  page 28.
Hexadecimal  [32-Bits]

Area                                    Addr        Size        Decimal Bytes (Attributes)
--------------------------------        ----        ----        ------- ----- ------------
_HEADER9                            00000000    00000001 =           1. bytes (ABS,CON)

      Value  Global                              Global Defined In Module
      -----  --------------------------------   ------------------------
ASxxxx Linker V03.00 + NoICE + sdld,  page 29.
Hexadecimal  [32-Bits]

Area                                    Addr        Size        Decimal Bytes (Attributes)
--------------------------------        ----        ----        ------- ----- ------------
_HEADERa                            00000000    00000001 =           1. bytes (ABS,CON)

      Value  Global                              Global Defined In Module
      -----  --------------------------------   ------------------------
ASxxxx Linker V03.00 + NoICE + sdld,  page 30.
Hexadecimal  [32-Bits]

Area                                    Addr        Size        Decimal Bytes (Attributes)
--------------------------------        ----        ----        ------- ----- ------------
_HEADERb                            00000000    00000001 =           1. bytes (ABS,CON)

      Value  Global                              Global Defined In Module
      -----  --------------------------------   ------------------------
ASxxxx Linker V03.00 + NoICE + sdld,  page 31.
Hexadecimal  [32-Bits]

Area                                    Addr        Size        Decimal Bytes (Attributes)
--------------------------------        ----        ----        ------- ----- ------------
_HEADERc                            00000000    00000002 =           2. bytes (ABS,CON)

      Value  Global                              Global Defined In Module
      -----  --------------------------------   ------------------------
ASxxxx Linker V03.00 + NoICE + sdld,  page 32.
Hexadecimal  [32-Bits]

Area                                    Addr        Size        Decimal Bytes (Attributes)
--------------------------------        ----        ----        ------- ----- ------------
_HEADERd                            00000000    00000001 =           1. bytes (ABS,CON)

      Value  Global                              Global Defined In Module
      -----  --------------------------------   ------------------------
ASxxxx Linker V03.00 + NoICE + sdld,  page 33.
Hexadecimal  [32-Bits]

Area                                    Addr        Size        Decimal Bytes (Attributes)
--------------------------------        ----        ----        ------- ----- ------------
_HEADERe                            00000000    00000001 =           1. bytes (ABS,CON)

      Value  Global                              Global Defined In Module
      -----  --------------------------------   ------------------------
ASxxxx Linker V03.00 + NoICE + sdld,  page 34.
Hexadecimal  [32-Bits]

Area                                    Addr        Size        Decimal Bytes (Attributes)
--------------------------------        ----        ----        ------- ----- ------------
_HEADERf                            00000000    00000002 =           2. bytes (ABS,CON)

      Value  Global                              Global Defined In Module
      -----  --------------------------------   ------------------------
ASxxxx Linker V03.00 + NoICE + sdld,  page 35.
Hexadecimal  [32-Bits]

Area                                    Addr        Size        Decimal Bytes (Attributes)
--------------------------------        ----        ----        ------- ----- ------------
_HEADER10                           00000000    00000082 =         130. bytes (ABS,CON)

      Value  Global                              Global Defined In Module
      -----  --------------------------------   ------------------------
     00000150  .reset                             Runtime
     00000150  _reset                             Runtime
     00000157  .code_start                        Runtime
     000001B7  _exit                              Runtime
     000001BB  _set_interrupts                    Runtime

ASxxxx Linker V03.00 + NoICE + sdld,  page 36.
Hexadecimal  [32-Bits]

Area                                    Addr        Size        Decimal Bytes (Attributes)
--------------------------------        ----        ----        ------- ----- ------------
_HEADER11                           00000000    00000001 =           1. bytes (ABS,CON)

      Value  Global                              Global Defined In Module
      -----  --------------------------------   ------------------------
ASxxxx Linker V03.00 + NoICE + sdld,  page 37.
Hexadecimal  [32-Bits]

Area                                    Addr        Size        Decimal Bytes (Attributes)
--------------------------------        ----        ----        ------- ----- ------------
_HOME                               000009A4    00002C7E =       11390. bytes (REL,CON)

      Value  Global                              Global Defined In Module
      -----  --------------------------------   ------------------------
     000009A4  .memset_simple                     Runtime
     000009AD  .memcpy_simple                     Runtime
     000009CA  .remove_VBL                        Runtime
     000009CD  .remove_int                        Runtime
     000009EA  .add_VBL                           Runtime
     000009ED  .add_int                           Runtime
     000009F8  .wait_vbl_done                     Runtime
     000009F8  _wait_vbl_done                     Runtime
     00000A08  .display_off                       Runtime
     00000A08  _display_off                       Runtime
     00000A20  _remove_VBL                        Runtime
     00000A2B  _add_VBL                           Runtime
     00000A36  _actors_update                     actor
     00000E3F  _SetBankedBkgData                  bankdata
     00000E5B  _SetBankedSpriteData               bankdata
     00000E77  _SetBankedBkgTiles                 bankdata
     00000E93  _SetBankedWinTiles                 bankdata
     00000EAF  _ReadBankedFarPtr                  bankdata
     00000ED6  _ReadBankedUWORD                   bankdata
     00000EF2  _MemcpyBanked                      bankdata
     00000F0E  _MemcpyVRAMBanked                  bankdata
     00000F2A  _IndexOfFarPtr                     bankdata
     00000FC0  _camera_update                     camera
     000010F3  _load_animations                   data_manager
     00001152  _events_update                     events
     00001224  _timers_update                     events
     000012AC  _input_update                      input
     000012DC  .sio_ISR                           
     00001336  .timer_ISR                         
     0000134B  _simple_LCD_isr                    interrupts
     000013C7  _fullscreen_LCD_isr                interrupts
     000013F3  _VBL_isr                           interrupts
     0000143D  _isqrt                             math
     00001493  _sine_wave                         math
     00001593  _dir_lookup                        math
     0000159B  _dir_angle_lookup                  math
     0000159F  _music_events_update               music_manager
     00001621  _music_play_isr                    music_manager
     000016F0  _parallax_LCD_isr                  parallax
     0000172D  _projectiles_update                projectiles
     00001BCC  _projectiles_render                projectiles
     00001D3F  _scroll_load_pending_row           scroll
     00001DCB  _scroll_load_row                   scroll
     00001E45  _scroll_load_col                   scroll
     00001EB0  _scroll_load_pending_col           scroll
     00001F41  _set_bkg_submap                    
     00001F84  _set_xy_win_submap                 
     00001FB1  .set_xy_win_submap                 
     00001FBA  .set_xy_bkg_submap                 
     00001FC9  .set_xy_submap                     
ASxxxx Linker V03.00 + NoICE + sdld,  page 38.
Hexadecimal  [32-Bits]

Area                                    Addr        Size        Decimal Bytes (Attributes)
--------------------------------        ----        ----        ------- ----- ------------
_HOME                               000009A4    00002C7E =       11390. bytes (REL,CON)

      Value  Global                              Global Defined In Module
      -----  --------------------------------   ------------------------
     0000200F  _sfx_play_isr                      sfx_player
     000020E2  _on_SIO_receive                    sio
     00002123  _SIO_update                        sio
     0000218A  _ui_update                         ui
     000022B9  _vm_sgb_transfer                   vm_sgb
     00002307  _vm_load_text                      vm_ui
     0000255C  _vm_switch                         vm
     0000265F  _vm_beginthread                    vm
     00002784  _vm_rpn                            vm
     00002EC6  _vm_get_far                        vm
     00002F30  _vm_call_native                    vm
     00002F43  _VM_STEP                           vm
     00002FB1  _script_runner_update              vm
     0000311C  _fill_win_rect                     
     0000312E  _rand                              
     0000312E  _randw                             
     00003159  _initrand                          
     0000315B  .initrand                          
     00003164  _get_bkg_data                      
     00003164  _get_win_data                      
     000031B1  _get_sprite_data                   
     000031E1  __mulsuchar                        mul
     000031EB  __muluschar                        mul
     000031F5  __mulschar                         mul
     00003207  __muluchar                         mul
     00003213  __mulint                           mul
     00003239  _abs                               abs
     00003248  _set_win_tiles                     
     0000325C  _set_tile_data                     
     00003261  _set_bkg_data                      
     00003261  _set_win_data                      
     00003269  _set_sprite_data                   
     00003299  _reverse                           reverse
     000032CD  ___call__banked                    far_ptr
     000032EA  _to_far_ptr                        far_ptr
     00003323  _add_LCD                           
     0000332E  .add_LCD                           
     00003334  _remove_LCD                        
     0000333F  .remove_LCD                        
     00003345  .fill_rect_wtt                     
     0000334E  .fill_rect_btt                     
     0000339B  .copy_vram                         
     000033AF  _get_data                          
     000033AF  _set_data                          
     000033AF  _vmemcpy                           
     000033C2  _fill_bkg_rect                     
     000033D4  .padup                             
     000033D4  _waitpadup                         
     000033E4  .jpad                              
     000033E4  _joypad                            
     0000340C  _waitpad                           
ASxxxx Linker V03.00 + NoICE + sdld,  page 39.
Hexadecimal  [32-Bits]

Area                                    Addr        Size        Decimal Bytes (Attributes)
--------------------------------        ----        ----        ------- ----- ------------
_HOME                               000009A4    00002C7E =       11390. bytes (REL,CON)

      Value  Global                              Global Defined In Module
      -----  --------------------------------   ------------------------
     0000340F  .wait_pad                          
     00003416  ___sdcc_call_hl                    call_hl
     00003417  ___memcpy                          memcpy
     00003417  _memcpy                            memcpy
     0000345A  _memset                            memset
     0000348D  .set_xy_wtt                        SetTileMap
     00003496  .set_xy_btt                        SetTileMap
     000034A5  .set_xy_tt                         SetTileMap
     000034E7  __divsuchar                        div
     000034F4  __modsuchar                        div
     000034FE  __divuschar                        div
     00003510  __moduschar                        div
     00003520  __divschar                         div
     0000352C  __modschar                         div
     00003536  __divsint                          div
     00003547  __modsint                          div
     00003556  __divuchar                         div
     00003562  __moduchar                         div
     0000356C  __divuint                          div
     0000357D  __moduint                          div
     0000358C  .div8                              div
     0000358C  .mod8                              div
     00003594  .div16                             div
     00003594  .mod16                             div
     000035CA  .divu8                             div
     000035CA  .modu8                             div
     000035CD  .divu16                            div
     000035CD  .modu16                            div
     0000360E  _set_bkg_tiles                     

ASxxxx Linker V03.00 + NoICE + sdld,  page 40.
Hexadecimal  [32-Bits]

Area                                    Addr        Size        Decimal Bytes (Attributes)
--------------------------------        ----        ----        ------- ----- ------------
_INITIALIZER                        00003622    00000019 =          25. bytes (REL,CON)

      Value  Global                              Global Defined In Module
[...]
                                          [ sound_legacy_1 ]
C:/Users/benja/AppData/Local/Temp/_gbsbuild/obj/sound_legacy_2.rel
                                          [ sound_legacy_2 ]
C:/Users/benja/AppData/Local/Temp/_gbsbuild/obj/sound_legacy_3.rel
                                          [ sound_legacy_3 ]
C:/Users/benja/AppData/Local/Temp/_gbsbuild/obj/sound_legacy_4.rel
                                          [ sound_legacy_4 ]
C:/Users/benja/AppData/Local/Temp/_gbsbuild/obj/sound_legacy_5.rel
                                          [ sound_legacy_5 ]
C:/Users/benja/AppData/Local/Temp/_gbsbuild/obj/sound_legacy_6.rel
                                          [ sound_legacy_6 ]
C:/Users/benja/AppData/Local/Temp/_gbsbuild/obj/sound_legacy_7.rel
                                          [ sound_legacy_7 ]
C:/Users/benja/AppData/Local/Temp/_gbsbuild/obj/sound_legacy_8.rel
                                          [ sound_legacy_8 ]
C:/Users/benja/AppData/Local/Temp/_gbsbuild/obj/sound_legacy_9.rel
                                          [ sound_legacy_9 ]
C:/Users/benja/AppData/Local/Temp/_gbsbuild/obj/sprite_large_skater_skater__tileset.rel
                                          [ sprite_large_skater_skater__tile ]
C:/Users/benja/AppData/Local/Temp/_gbsbuild/obj/sprite_large_skater_skater_.rel
                                          [ sprite_large_skater_skater_ ]
C:/Users/benja/AppData/Local/Temp/_gbsbuild/obj/sprite_mario_props_tileset.rel
                                          [ sprite_mario_props_tileset ]
C:/Users/benja/AppData/Local/Temp/_gbsbuild/obj/sprite_mario_props.rel
                                          [ sprite_mario_props ]
C:/Users/benja/AppData/Local/Temp/_gbsbuild/obj/sprite_pac_gohst_tileset.rel
                                          [ sprite_pac_gohst_tileset ]
C:/Users/benja/AppData/Local/Temp/_gbsbuild/obj/sprite_pac_gohst.rel
                                          [ sprite_pac_gohst ]
C:/Users/benja/AppData/Local/Temp/_gbsbuild/obj/sprite_pac_skater_pac_tileset.rel
                                          [ sprite_pac_skater_pac_tileset ]
C:/Users/benja/AppData/Local/Temp/_gbsbuild/obj/sprite_pac_skater_pac.rel
                                          [ sprite_pac_skater_pac ]
C:/Users/benja/AppData/Local/Temp/_gbsbuild/obj/sprite_skater_ben_tileset.rel
                                          [ sprite_skater_ben_tileset ]
C:/Users/benja/AppData/Local/Temp/_gbsbuild/obj/sprite_skater_ben.rel
                                          [ sprite_skater_ben ]
C:/Users/benja/AppData/Local/Temp/_gbsbuild/obj/sprite_tetris_skater_ben_tileset.rel
                                          [ sprite_tetris_skater_ben_tileset ]
C:/Users/benja/AppData/Local/Temp/_gbsbuild/obj/sprite_tetris_skater_ben.rel
                                          [ sprite_tetris_skater_ben ]
C:/Users/benja/AppData/Local/Temp/_gbsbuild/obj/sprite_trick_backtail_tileset.rel
                                          [ sprite_trick_backtail_tileset ]
C:/Users/benja/AppData/Local/Temp/_gbsbuild/obj/sprite_trick_backtail.rel
                                          [ sprite_trick_backtail ]
C:/Users/benja/AppData/Local/Temp/_gbsbuild/obj/sprite_trick_kickflip_tileset.rel
                                          [ sprite_trick_kickflip_tileset ]
C:/Users/benja/AppData/Local/Temp/_gbsbuild/obj/sprite_trick_kickflip.rel
                                          [ sprite_trick_kickflip ]
C:/Users/benja/AppData/Local/Temp/_gbsbuild/obj/sprite_trick_kickflip2_tileset.rel
                                          [ sprite_trick_kickflip2_tileset ]
C:/Users/benja/AppData/Local/Temp/_gbsbuild/obj/sprite_trick_kickflip2.rel
                                          [ sprite_trick_kickflip2 ]
C:/Users/benja/AppData/Local/Temp/_gbsbuild/obj/sprite_trick_nollie_tileset.rel
                                          [ sprite_trick_nollie_tileset ]
C:/Users/benja/AppData/Local/Temp/_gbsbuild/obj/sprite_trick_nollie.rel
                                          [ sprite_trick_nollie ]
C:/Users/benja/AppData/Local/Temp/_gbsbuild/obj/sprite_trick_ollie_tileset.rel
                                          [ sprite_trick_ollie_tileset ]
C:/Users/benja/AppData/Local/Temp/_gbsbuild/obj/sprite_trick_ollie.rel
                                          [ sprite_trick_ollie ]
C:/Users/benja/AppData/Local/Temp/_gbsbuild/obj/sprite_turnip_squash_tileset.rel
                                          [ sprite_turnip_squash_tileset ]
C:/Users/benja/AppData/Local/Temp/_gbsbuild/obj/sprite_turnip_squash.rel
                                          [ sprite_turnip_squash ]
C:/Users/benja/AppData/Local/Temp/_gbsbuild/obj/spritesheet_none.rel
                                          [ spritesheet_none ]
C:/Users/benja/AppData/Local/Temp/_gbsbuild/obj/trigger_0_interact.rel
                                          [ trigger_0_interact ]
C:/Users/benja/AppData/Local/Temp/_gbsbuild/obj/trigger_1_interact.rel
                                          [ trigger_1_interact ]
C:/Users/benja/AppData/Local/Temp/_gbsbuild/obj/trigger_10_interact.rel
                                          [ trigger_10_interact ]
C:/Users/benja/AppData/Local/Temp/_gbsbuild/obj/trigger_100_interact.rel
                                          [ trigger_100_interact ]
C:/Users/benja/AppData/Local/Temp/_gbsbuild/obj/trigger_101_interact.rel
                                          [ trigger_101_interact ]
C:/Users/benja/AppData/Local/Temp/_gbsbuild/obj/trigger_102_interact.rel
                                          [ trigger_102_interact ]
C:/Users/benja/AppData/Local/Temp/_gbsbuild/obj/trigger_11_interact.rel
                                          [ trigger_11_interact ]
C:/Users/benja/AppData/Local/Temp/_gbsbuild/obj/trigger_12_interact.rel
                                          [ trigger_12_interact ]
C:/Users/benja/AppData/Local/Temp/_gbsbuild/obj/trigger_13_interact.rel
                                          [ trigger_13_interact ]
C:/Users/benja/AppData/Local/Temp/_gbsbuild/obj/trigger_14_interact.rel
                                          [ trigger_14_interact ]
C:/Users/benja/AppData/Local/Temp/_gbsbuild/obj/trigger_15_interact.rel
                                          [ trigger_15_interact ]
C:/Users/benja/AppData/Local/Temp/_gbsbuild/obj/trigger_16_interact.rel
                                          [ trigger_16_interact ]
C:/Users/benja/AppData/Local/Temp/_gbsbuild/obj/trigger_17_interact.rel
                                          [ trigger_17_interact ]
C:/Users/benja/AppData/Local/Temp/_gbsbuild/obj/trigger_18_interact.rel
                                          [ trigger_18_interact ]
C:/Users/benja/AppData/Local/Temp/_gbsbuild/obj/trigger_19_interact.rel
                                          [ trigger_19_interact ]
C:/Users/benja/AppData/Local/Temp/_gbsbuild/obj/trigger_2_interact.rel
                                          [ trigger_2_interact ]
C:/Users/benja/AppData/Local/Temp/_gbsbuild/obj/trigger_20_interact.rel
                                          [ trigger_20_interact ]
C:/Users/benja/AppData/Local/Temp/_gbsbuild/obj/trigger_21_interact.rel
                                          [ trigger_21_interact ]
C:/Users/benja/AppData/Local/Temp/_gbsbuild/obj/trigger_22_interact.rel
                                          [ trigger_22_interact ]
C:/Users/benja/AppData/Local/Temp/_gbsbuild/obj/trigger_23_interact.rel
                                          [ trigger_23_interact ]
C:/Users/benja/AppData/Local/Temp/_gbsbuild/obj/trigger_24_interact.rel
                                          [ trigger_24_interact ]
C:/Users/benja/AppData/Local/Temp/_gbsbuild/obj/trigger_25_interact.rel
                                          [ trigger_25_interact ]
C:/Users/benja/AppData/Local/Temp/_gbsbuild/obj/trigger_26_interact.rel
                                          [ trigger_26_interact ]
C:/Users/benja/AppData/Local/Temp/_gbsbuild/obj/trigger_27_interact.rel
                                          [ trigger_27_interact ]
C:/Users/benja/AppData/Local/Temp/_gbsbuild/obj/trigger_28_interact.rel
                                          [ trigger_28_interact ]
C:/Users/benja/AppData/Local/Temp/_gbsbuild/obj/trigger_29_interact.rel
                                          [ trigger_29_interact ]
C:/Users/benja/AppData/Local/Temp/_gbsbuild/obj/trigger_3_interact.rel
                                          [ trigger_3_interact ]
C:/Users/benja/AppData/Local/Temp/_gbsbuild/obj/trigger_30_interact.rel
                                          [ trigger_30_interact ]
C:/Users/benja/AppData/Local/Temp/_gbsbuild/obj/trigger_31_interact.rel
                                          [ trigger_31_interact ]
C:/Users/benja/AppData/Local/Temp/_gbsbuild/obj/trigger_32_interact.rel
                                          [ trigger_32_interact ]
C:/Users/benja/AppData/Local/Temp/_gbsbuild/obj/trigger_33_interact.rel
                                          [ trigger_33_interact ]
C:/Users/benja/AppData/Local/Temp/_gbsbuild/obj/trigger_34_interact.rel
                                          [ trigger_34_interact ]
C:/Users/benja/AppData/Local/Temp/_gbsbuild/obj/trigger_35_interact.rel
                                          [ trigger_35_interact ]
C:/Users/benja/AppData/Local/Temp/_gbsbuild/obj/trigger_36_interact.rel
                                          [ trigger_36_interact ]
C:/Users/benja/AppData/Local/Temp/_gbsbuild/obj/trigger_4_interact.rel
                                          [ trigger_4_interact ]
C:/Users/benja/AppData/Local/Temp/_gbsbuild/obj/trigger_5_interact.rel
                                          [ trigger_5_interact ]
C:/Users/benja/AppData/Local/Temp/_gbsbuild/obj/trigger_53_interact.rel
                                          [ trigger_53_interact ]
C:/Users/benja/AppData/Local/Temp/_gbsbuild/obj/trigger_54_interact.rel
                                          [ trigger_54_interact ]
C:/Users/benja/AppData/Local/Temp/_gbsbuild/obj/trigger_55_interact.rel
                                          [ trigger_55_interact ]
C:/Users/benja/AppData/Local/Temp/_gbsbuild/obj/trigger_56_interact.rel
                                          [ trigger_56_interact ]
C:/Users/benja/AppData/Local/Temp/_gbsbuild/obj/trigger_57_interact.rel
                                          [ trigger_57_interact ]
C:/Users/benja/AppData/Local/Temp/_gbsbuild/obj/trigger_58_interact.rel
                                          [ trigger_58_interact ]
C:/Users/benja/AppData/Local/Temp/_gbsbuild/obj/trigger_59_interact.rel
                                          [ trigger_59_interact ]
C:/Users/benja/AppData/Local/Temp/_gbsbuild/obj/trigger_6_interact.rel
                                          [ trigger_6_interact ]
C:/Users/benja/AppData/Local/Temp/_gbsbuild/obj/trigger_60_interact.rel
                                          [ trigger_60_interact ]
C:/Users/benja/AppData/Local/Temp/_gbsbuild/obj/trigger_61_interact.rel
                                          [ trigger_61_interact ]
C:/Users/benja/AppData/Local/Temp/_gbsbuild/obj/trigger_7_interact.rel
                                          [ trigger_7_interact ]
C:/Users/benja/AppData/Local/Temp/_gbsbuild/obj/trigger_70_interact.rel
                                          [ trigger_70_interact ]
C:/Users/benja/AppData/Local/Temp/_gbsbuild/obj/trigger_71_interact.rel
                                          [ trigger_71_interact ]
C:/Users/benja/AppData/Local/Temp/_gbsbuild/obj/trigger_72_interact.rel
                                          [ trigger_72_interact ]
C:/Users/benja/AppData/Local/Temp/_gbsbuild/obj/trigger_73_interact.rel
                                          [ trigger_73_interact ]
C:/Users/benja/AppData/Local/Temp/_gbsbuild/obj/trigger_74_interact.rel
                                          [ trigger_74_interact ]
C:/Users/benja/AppData/Local/Temp/_gbsbuild/obj/trigger_8_interact.rel
                                          [ trigger_8_interact ]
C:/Users/benja/AppData/Local/Temp/_gbsbuild/obj/trigger_82_interact.rel
                                          [ trigger_82_interact ]
C:/Users/benja/AppData/Local/Temp/_gbsbuild/obj/trigger_83_interact.rel
                                          [ trigger_83_interact ]
C:/Users/benja/AppData/Local/Temp/_gbsbuild/obj/trigger_84_interact.rel
                                          [ trigger_84_interact ]
C:/Users/benja/AppData/Local/Temp/_gbsbuild/obj/trigger_85_interact.rel
                                          [ trigger_85_interact ]
C:/Users/benja/AppData/Local/Temp/_gbsbuild/obj/trigger_86_interact.rel
                                          [ trigger_86_interact ]
C:/Users/benja/AppData/Local/Temp/_gbsbuild/obj/trigger_87_interact.rel
                                          [ trigger_87_interact ]
C:/Users/benja/AppData/Local/Temp/_gbsbuild/obj/trigger_88_interact.rel
                                          [ trigger_88_interact ]
C:/Users/benja/AppData/Local/Temp/_gbsbuild/obj/trigger_89_interact.rel
                                          [ trigger_89_interact ]
C:/Users/benja/AppData/Local/Temp/_gbsbuild/obj/trigger_9_interact.rel
                                          [ trigger_9_interact ]
C:/Users/benja/AppData/Local/Temp/_gbsbuild/obj/trigger_90_interact.rel
                                          [ trigger_90_interact ]
C:/Users/benja/AppData/Local/Temp/_gbsbuild/obj/trigger_91_interact.rel
                                          [ trigger_91_interact ]
C:/Users/benja/AppData/Local/Temp/_gbsbuild/obj/trigger_92_interact.rel
                                          [ trigger_92_interact ]
C:/Users/benja/AppData/Local/Temp/_gbsbuild/obj/trigger_93_interact.rel
                                          [ trigger_93_interact ]
C:/Users/benja/AppData/Local/Temp/_gbsbuild/obj/trigger_94_interact.rel
                                          [ trigger_94_interact ]
C:/Users/benja/AppData/Local/Temp/_gbsbuild/obj/trigger_95_interact.rel
                                          [ trigger_95_interact ]
C:/Users/benja/AppData/Local/Temp/_gbsbuild/obj/trigger_96_interact.rel
                                          [ trigger_96_interact ]
C:/Users/benja/AppData/Local/Temp/_gbsbuild/obj/trigger_97_interact.rel
                                          [ trigger_97_interact ]
C:/Users/benja/AppData/Local/Temp/_gbsbuild/obj/trigger_98_interact.rel
                                          [ trigger_98_interact ]
C:/Users/benja/AppData/Local/Temp/_gbsbuild/obj/trigger_99_interact.rel
                                          [ trigger_99_interact ]
C:/Users/benja/AppData/Local/Temp/_gbsbuild/obj/main.rel
                                          [ main ]
C:/Users/benja/AppData/Local/Temp/_gbsbuild/obj/adventure.rel
                                          [ adventure ]
C:/Users/benja/AppData/Local/Temp/_gbsbuild/obj/logo.rel
                                          [ logo ]
C:/Users/benja/AppData/Local/Temp/_gbsbuild/obj/platform.rel
                                          [ platform ]
C:/Users/benja/AppData/Local/Temp/_gbsbuild/obj/pointnclick.rel
                                          [ pointnclick ]
C:/Users/benja/AppData/Local/Temp/_gbsbuild/obj/shmup.rel
                                          [ shmup ]
C:/Users/benja/AppData/Local/Temp/_gbsbuild/obj/states_ptrs.rel
                                          [  ]
C:/Users/benja/AppData/Local/Temp/_gbsbuild/obj/topdown.rel
                                          [ topdown ]


Libraries Linked                          [ object file ]

C:\Users\benja\AppData\Local\Temp/_gbstools/gbdk/lib/small/asxxxx/gb/gb.lib
                                          [ fill_rect_wi.o ]
C:\Users\benja\AppData\Local\Temp/_gbstools/gbdk/lib/small/asxxxx/gbz80/gbz80.lib
                                          [ rand.o ]
C:\Users\benja\AppData\Local\Temp/_gbstools/gbdk/lib/small/asxxxx/gb/gb.lib
                                          [ sfr.o ]
C:\Users\benja\AppData\Local\Temp/_gbstools/gbdk/lib/small/asxxxx/gb/gb.lib
                                          [ get_data.o ]
C:\Users\benja\AppData\Local\Temp/_gbstools/gbdk/lib/small/asxxxx/gb/gb.lib
                                          [ get_tile.o ]
C:\Users\benja\AppData\Local\Temp/_gbstools/gbdk/lib/small/asxxxx/gb/gb.lib
                                          [ cgb_palettes.o ]
lib/gbt_player.lib                        [ gbt_player.o ]
C:\Users\benja\AppData\Local\Temp/_gbstools/gbdk/lib/small/asxxxx/gb/gb.lib
                                          [ metasprites_hide_spr.o ]
C:\Users\benja\AppData\Local\Temp/_gbstools/gbdk/lib/small/asxxxx/gbz80/gbz80.lib
                                          [ mul.o ]
C:\Users\benja\AppData\Local\Temp/_gbstools/gbdk/lib/small/asxxxx/gbz80/gbz80.lib
                                          [ abs.o ]
C:\Users\benja\AppData\Local\Temp/_gbstools/gbdk/lib/small/asxxxx/gb/gb.lib
                                          [ set_wi_t.o ]
C:\Users\benja\AppData\Local\Temp/_gbstools/gbdk/lib/small/asxxxx/gb/gb.lib
                                          [ set_data.o ]
C:\Users\benja\AppData\Local\Temp/_gbstools/gbdk/lib/small/asxxxx/gbz80/gbz80.lib
                                          [ reverse.o ]
C:\Users\benja\AppData\Local\Temp/_gbstools/gbdk/lib/small/asxxxx/gb/gb.lib
                                          [ far_ptr.o ]
C:\Users\benja\AppData\Local\Temp/_gbstools/gbdk/lib/small/asxxxx/gb/gb.lib
                                          [ sgb.o ]
C:\Users\benja\AppData\Local\Temp/_gbstools/gbdk/lib/small/asxxxx/gb/gb.lib
                                          [ lcd.o ]
C:\Users\benja\AppData\Local\Temp/_gbstools/gbdk/lib/small/asxxxx/gb/gb.lib
                                          [ fill_rect.o ]
C:\Users\benja\AppData\Local\Temp/_gbstools/gbdk/lib/small/asxxxx/gb/gb.lib
                                          [ cpy_data.o ]
C:\Users\benja\AppData\Local\Temp/_gbstools/gbdk/lib/small/asxxxx/gb/gb.lib
                                          [ fill_rect_bk.o ]
C:\Users\benja\AppData\Local\Temp/_gbstools/gbdk/lib/small/asxxxx/gb/gb.lib
                                          [ pad.o ]
C:\Users\benja\AppData\Local\Temp/_gbstools/gbdk/lib/small/asxxxx/gb/gb.lib
                                          [ metasprites.o ]
C:\Users\benja\AppData\Local\Temp/_gbstools/gbdk/lib/small/asxxxx/gbz80/gbz80.lib
                                          [ __sdcc_call_hl.o ]
C:\Users\benja\AppData\Local\Temp/_gbstools/gbdk/lib/small/asxxxx/gbz80/gbz80.lib
                                          [ _memcpy.o ]
C:\Users\benja\AppData\Local\Temp/_gbstools/gbdk/lib/small/asxxxx/gbz80/gbz80.lib
                                          [ _memset.o ]
C:\Users\benja\AppData\Local\Temp/_gbstools/gbdk/lib/small/asxxxx/gb/gb.lib
                                          [ set_xy_t.o ]
C:\Users\benja\AppData\Local\Temp/_gbstools/gbdk/lib/small/asxxxx/gb/gb.lib
                                          [ cgb.o ]
C:\Users\benja\AppData\Local\Temp/_gbstools/gbdk/lib/small/asxxxx/gbz80/gbz80.lib
                                          [ div.o ]
C:\Users\benja\AppData\Local\Temp/_gbstools/gbdk/lib/small/asxxxx/gb/gb.lib
                                          [ set_bk_t.o ]
lib/gbt_player.lib                        [ gbt_player_bank1.o ]

ASxxxx Linker V03.00 + NoICE + sdld,  page 84.

User Base Address Definitions

_DATA=0xC0A0
_CODE=0x0200
ASxxxx Linker V03.00 + NoICE + sdld,  page 85.

User Global Definitions

.STACK=0xDF00
_shadow_OAM=0xC000
.refresh_OAM=0xFF80
__start_save=12

